dijkstra_expand.c:33:6:Initialize_turn_time	32	static
dijkstra_expand.c:74:6:Initialize_st_param_for_time	16	static
dijkstra_expand.c:80:6:Initialize_di_param_for_time	16	static
dijkstra_expand.c:86:10:calc_straight_time	80	static
dijkstra_expand.c:109:18:calc_straight_max_velo	104	static
dijkstra_expand.c:141:18:calc_end_straight_max_velo	104	static
dijkstra_expand.c:173:10:calc_time	32	static
dijkstra_expand.c:247:10:pos_run_time	24	static
dijkstra_expand.c:270:15:pos_run_pt	24	static
dijkstra_expand.c:294:12:pos_parent	24	static
dijkstra_expand.c:319:13:return_mouse_dir	24	static
dijkstra_expand.c:343:11:return_close_list_el	32	static
dijkstra_expand.c:366:8:is_determine	24	static
dijkstra_expand.c:392:6:straight_expand	80	static
dijkstra_expand.c:478:6:diagonal_expand	64	static
dijkstra_expand.c:598:6:turn_in_R45_expand	112	static
dijkstra_expand.c:692:6:turn_in_L45_expand	112	static
dijkstra_expand.c:786:6:turn_out_R45_expand	96	static
dijkstra_expand.c:930:6:turn_out_L45_expand	96	static
dijkstra_expand.c:1073:6:turn_in_R135_expand	128	static
dijkstra_expand.c:1167:6:turn_in_L135_expand	128	static
dijkstra_expand.c:1261:6:turn_out_R135_expand	128	static
dijkstra_expand.c:1406:6:turn_out_L135_expand	128	static
dijkstra_expand.c:1549:6:turn_RV90_expand	160	static
dijkstra_expand.c:1725:6:turn_LV90_expand	160	static
dijkstra_expand.c:1892:6:long_turn_R90_expand	96	static
dijkstra_expand.c:1969:6:long_turn_L90_expand	96	static
dijkstra_expand.c:2050:6:long_turn_R180_expand	112	static
dijkstra_expand.c:2144:6:long_turn_L180_expand	112	static
dijkstra_expand.c:2238:6:north_expand	24	static
dijkstra_expand.c:2271:6:east_expand	24	static
dijkstra_expand.c:2304:6:south_expand	24	static
dijkstra_expand.c:2337:6:west_expand	24	static
dijkstra_expand.c:2370:6:center_expand	24	static
dijkstra_expand.c:2388:6:expand_dijkstra	16	static
dijkstra_expand.c:2415:12:last_straight_expand	88	static
dijkstra_expand.c:2508:12:last_diagonal_expand	88	static
dijkstra_expand.c:2649:12:last_expand	32	static
