core_cm4.h:1939:34:__NVIC_SystemReset	4	static,ignoring_inline_asm
interrupt.c:74:6:init_W_parameters	4	static
interrupt.c:92:6:HAL_TIM_PeriodElapsedCallback	16	static
interrupt.c:103:6:Interrupt_Initialize	8	static
interrupt.c:108:6:Interrupt_PreProcess	8	static
interrupt.c:285:6:Interrupt_Main	104	static
interrupt.c:411:6:Interrupt_PostProcess	16	static
interrupt.c:454:6:Interrupt_Get_Irsensor	24	static
interrupt.c:800:6:Interrupt_Get_Speed	16	static
interrupt.c:831:6:Interrupt_Set_Target_Speed	32	static
